variant,sum(num_sequences)
B.1.177,170457
Delta,3834100
S:677P.Pelican,4837
B.1.221,15377
B.1.258,30787
Lambda,9411
Eta,6924
B.1.1.302,486
Beta,40514
Mu,14248
others,642603
S:677H.Robin1,6547
B.1.367,961
B.1.1.519,22825
B.1.160,34019
B.1.620,1016
non_who,931098
Kappa,7477
Iota,42905
Gamma,115156
Omicron,115538
Epsilon,66127
B.1.1.277,1183
Alpha,1132595
